.....................F....FF                                             [100%]
================================== FAILURES ===================================
_______________ TestAutonomyManager.test_lpi_priority_strategy ________________
tests\test_aegis.py:203: in test_lpi_priority_strategy
    strategy = mgr.process_detection(freqs, mags, raw_signal=sig)
               ^^^^^^^^^^^^^^^^^^^^^^^^^^^^^^^^^^^^^^^^^^^^^^^^^^
src\ai_engine\autonomy_manager.py:76: in process_detection
    print(f"[ADSS] {threat_name} | Label: {label} | Risk: {risk_str} | Conf: {confidence:.0%} -> {strategy}")
          ^^^^^^^^^^^^^^^^^^^^^^^^^^^^^^^^^^^^^^^^^^^^^^^^^^^^^^^^^^^^^^^^^^^^^^^^^^^^^^^^^^^^^^^^^^^^^^^^^^
E   ValueError: Unknown format code '%' for object of type 'str'
______________________ TestFHSSJammer.test_hop_learning _______________________
tests\test_aegis.py:246: in test_hop_learning
    detected, freq = j.detect_and_learn_hop(freqs, mags)
                     ^^^^^^^^^^^^^^^^^^^^^^
E   AttributeError: 'FrequencyHoppingJammer' object has no attribute 'detect_and_learn_hop'
_____________________ TestFHSSJammer.test_hop_prediction ______________________
tests\test_aegis.py:253: in test_hop_prediction
    predicted = j.predict_next_hop()
                ^^^^^^^^^^^^^^^^^^
E   AttributeError: 'FrequencyHoppingJammer' object has no attribute 'predict_next_hop'
=========================== short test summary info ===========================
FAILED tests/test_aegis.py::TestAutonomyManager::test_lpi_priority_strategy
FAILED tests/test_aegis.py::TestFHSSJammer::test_hop_learning - AttributeErro...
FAILED tests/test_aegis.py::TestFHSSJammer::test_hop_prediction - AttributeEr...
3 failed, 25 passed in 2.11s
